[kodesolution.com/html/2022/edulerns-html/index.html]
[backblue.gif]
[fade.gif]
[index.html]
[kodesolution.com/html/2022/edulerns-html/css/bootstrap.min.css]
[kodesolution.com/html/2022/edulerns-html/plugins/revolution/css/settings.css]
[kodesolution.com/html/2022/edulerns-html/plugins/revolution/css/layers.css]
[kodesolution.com/html/2022/edulerns-html/plugins/revolution/css/navigation.css]
[kodesolution.com/html/2022/edulerns-html/css/style.css]
[kodesolution.com/html/2022/edulerns-html/css/responsive.css]
[kodesolution.com/html/2022/edulerns-html/images/favicon.png]
[kodesolution.com/html/2022/edulerns-html/images/logo.png]
[kodesolution.com/html/2022/edulerns-html/index-2.html]
[kodesolution.com/html/2022/edulerns-html/index-1-single.html]
[kodesolution.com/html/2022/edulerns-html/index-2-single.html]
[kodesolution.com/html/2022/edulerns-html/index-1-dark.html]
[kodesolution.com/html/2022/edulerns-html/index-2-dark.html]
[kodesolution.com/html/2022/edulerns-html/index-1-boxed.html]
[kodesolution.com/html/2022/edulerns-html/index-2-boxed.html]
[kodesolution.com/html/2022/edulerns-html/index-1-rtl.html]
[kodesolution.com/html/2022/edulerns-html/page-about.html]
[kodesolution.com/html/2022/edulerns-html/page-team.html]
[kodesolution.com/html/2022/edulerns-html/page-team-details.html]
[kodesolution.com/html/2022/edulerns-html/page-testimonial.html]
[kodesolution.com/html/2022/edulerns-html/page-pricing.html]
[kodesolution.com/html/2022/edulerns-html/page-faq.html]
[kodesolution.com/html/2022/edulerns-html/page-404.html]
[kodesolution.com/html/2022/edulerns-html/page-courses.html]
[kodesolution.com/html/2022/edulerns-html/page-course-details.html]
[kodesolution.com/html/2022/edulerns-html/shop-products.html]
[kodesolution.com/html/2022/edulerns-html/shop-products-sidebar.html]
[kodesolution.com/html/2022/edulerns-html/shop-product-details.html]
[kodesolution.com/html/2022/edulerns-html/shop-cart.html]
[kodesolution.com/html/2022/edulerns-html/shop-checkout.html]
[kodesolution.com/html/2022/edulerns-html/news-grid.html]
[kodesolution.com/html/2022/edulerns-html/news-details.html]
[kodesolution.com/html/2022/edulerns-html/page-contact.html]
[kodesolution.com/html/2022/edulerns-html/images/logo-2.png]
[kodesolution.com/html/2022/edulerns-html/images/main-slider/1.jpg]
[kodesolution.com/html/2022/edulerns-html/images/main-slider/icon/icon-book.png]
[kodesolution.com/html/2022/edulerns-html/images/main-slider/icon/icon-globe.png]
[kodesolution.com/html/2022/edulerns-html/images/main-slider/icon/icon-dots.png]
[kodesolution.com/html/2022/edulerns-html/images/main-slider/icon/icon-star.png]
[kodesolution.com/html/2022/edulerns-html/images/main-slider/icon/icon-arrow.png]
[kodesolution.com/html/2022/edulerns-html/images/main-slider/icon/icon-dots-2.png]
[kodesolution.com/html/2022/edulerns-html/images/main-slider/icon/icon-circle-1.png]
[kodesolution.com/html/2022/edulerns-html/images/main-slider/icon/icon-circle-2.png]
[kodesolution.com/html/2022/edulerns-html/images/main-slider/icon/icon-circle-3.png]
[kodesolution.com/html/2022/edulerns-html/images/main-slider/icon/icon-bulb.png]
[kodesolution.com/html/2022/edulerns-html/images/main-slider/image-1.png]
[kodesolution.com/html/2022/edulerns-html/images/resource/about-1.png]
[kodesolution.com/html/2022/edulerns-html/images/resource/about-2.jpg]
[kodesolution.com/html/2022/edulerns-html/images/resource/course-1.jpg]
[kodesolution.com/html/2022/edulerns-html/images/resource/course-2.jpg]
[kodesolution.com/html/2022/edulerns-html/images/resource/course-3.jpg]
[kodesolution.com/html/2022/edulerns-html/images/resource/course-4.jpg]
[kodesolution.com/html/2022/edulerns-html/images/background/3.jpg]
[kodesolution.com/html/2022/edulerns-html/images/resource/team-1.jpg]
[kodesolution.com/html/2022/edulerns-html/images/resource/team-2.jpg]
[kodesolution.com/html/2022/edulerns-html/images/resource/team-3.jpg]
[kodesolution.com/html/2022/edulerns-html/images/resource/team-4.jpg]
[kodesolution.com/html/2022/edulerns-html/images/background/1.jpg]
[kodesolution.com/html/2022/edulerns-html/images/resource/cta.png]
[kodesolution.com/html/2022/edulerns-html/images/resource/testi-thumb-1.jpg]
[kodesolution.com/html/2022/edulerns-html/images/resource/testi-thumb-2.jpg]
[kodesolution.com/html/2022/edulerns-html/images/resource/avatar-1.jpg]
[kodesolution.com/html/2022/edulerns-html/images/resource/avatar-2.jpg]
[kodesolution.com/html/2022/edulerns-html/images/resource/about-3.jpg]
[kodesolution.com/html/2022/edulerns-html/images/background/2.jpg]
[kodesolution.com/html/2022/edulerns-html/images/resource/news-1.jpg]
[kodesolution.com/html/2022/edulerns-html/images/resource/news-2.jpg]
[kodesolution.com/html/2022/edulerns-html/images/resource/news-3.jpg]
[kodesolution.com/html/2022/edulerns-html/images/resource/client.png]
[kodesolution.com/html/2022/edulerns-html/images/background/4.jpg]
[kodesolution.com/html/2022/edulerns-html/js/jquery.js]
[kodesolution.com/html/2022/edulerns-html/js/popper.min.js]
[kodesolution.com/html/2022/edulerns-html/plugins/revolution/js/jquery.themepunch.revolution.min.js]
[kodesolution.com/html/2022/edulerns-html/plugins/revolution/js/jquery.themepunch.tools.min.js]
[kodesolution.com/html/2022/edulerns-html/plugins/revolution/js/extensions/revolution.extension.actions.min.js]
[kodesolution.com/html/2022/edulerns-html/plugins/revolution/js/extensions/revolution.extension.carousel.min.js]
[kodesolution.com/html/2022/edulerns-html/plugins/revolution/js/extensions/revolution.extension.kenburn.min.js]
[kodesolution.com/html/2022/edulerns-html/plugins/revolution/js/extensions/revolution.extension.migration.min.js]
[kodesolution.com/html/2022/edulerns-html/plugins/revolution/js/extensions/revolution.extension.layeranimation.min.js]
[kodesolution.com/html/2022/edulerns-html/plugins/revolution/js/extensions/revolution.extension.navigation.min.js]
[kodesolution.com/html/2022/edulerns-html/plugins/revolution/js/extensions/revolution.extension.parallax.min.js]
[kodesolution.com/html/2022/edulerns-html/plugins/revolution/js/extensions/revolution.extension.slideanims.min.js]
[kodesolution.com/html/2022/edulerns-html/plugins/revolution/js/extensions/revolution.extension.video.min.js]
[kodesolution.com/html/2022/edulerns-html/js/main-slider-script.js]
[kodesolution.com/html/2022/edulerns-html/js/bootstrap.min.js]
[kodesolution.com/html/2022/edulerns-html/js/jquery.fancybox.js]
[kodesolution.com/html/2022/edulerns-html/js/wow.js]
[kodesolution.com/html/2022/edulerns-html/js/jquery-ui.js]
[kodesolution.com/html/2022/edulerns-html/js/appear.js]
[kodesolution.com/html/2022/edulerns-html/js/jquery.countdown.js]
[kodesolution.com/html/2022/edulerns-html/js/select2.min.js]
[kodesolution.com/html/2022/edulerns-html/js/swiper.min.js]
[kodesolution.com/html/2022/edulerns-html/js/owl.js]
[kodesolution.com/html/2022/edulerns-html/js/script.js]
[kodesolution.com/html/2022/edulerns-html/index.html]
[kodesolution.com/html/2022/edulerns-html/css/bootstrap.min.css]
[kodesolution.com/html/2022/edulerns-html/plugins/revolution/fonts/revicons/revicons90c6.eot]
[kodesolution.com/html/2022/edulerns-html/plugins/revolution/fonts/revicons/revicons90c6.woff]
[kodesolution.com/html/2022/edulerns-html/plugins/revolution/fonts/revicons/revicons90c6.ttf]
[kodesolution.com/html/2022/edulerns-html/plugins/revolution/fonts/revicons/revicons90c6.svg]
[kodesolution.com/html/2022/edulerns-html/plugins/revolution/css/openhand.cur]
[kodesolution.com/html/2022/edulerns-html/plugins/revolution/css/closedhand.cur]
[kodesolution.com/html/2022/edulerns-html/plugins/revolution/assets/gridtile.png]
[kodesolution.com/html/2022/edulerns-html/plugins/revolution/assets/gridtile_white.png]
[kodesolution.com/html/2022/edulerns-html/plugins/revolution/assets/gridtile_3x3.png]
[kodesolution.com/html/2022/edulerns-html/plugins/revolution/assets/gridtile_3x3_white.png]
[kodesolution.com/html/2022/edulerns-html/plugins/revolution/assets/coloredbg.png]
[kodesolution.com/html/2022/edulerns-html/plugins/revolution/assets/loader.gif]
[kodesolution.com/html/2022/edulerns-html/plugins/revolution/css/settings.css]
[kodesolution.com/html/2022/edulerns-html/plugins/revolution/css/layers.css]
[kodesolution.com/html/2022/edulerns-html/plugins/revolution/css/navigation.css]
[kodesolution.com/html/2022/edulerns-html/css/animate.css]
[kodesolution.com/html/2022/edulerns-html/css/owl.css]
[kodesolution.com/html/2022/edulerns-html/css/swiper.min.css]
[kodesolution.com/html/2022/edulerns-html/css/jquery.fancybox.min.css]
[kodesolution.com/html/2022/edulerns-html/css/jquery-ui.css]
[kodesolution.com/html/2022/edulerns-html/css/linear.css]
[kodesolution.com/html/2022/edulerns-html/css/select2.min.css]
[kodesolution.com/html/2022/edulerns-html/css/fontawesome-all.css]
[kodesolution.com/html/2022/edulerns-html/css/flaticon.css]
[kodesolution.com/html/2022/edulerns-html/css/tm-bs-mp.css]
[kodesolution.com/html/2022/edulerns-html/css/tm-utility-classes.css]
[kodesolution.com/html/2022/edulerns-html/fonts/Reey-Regular.woff2]
[kodesolution.com/html/2022/edulerns-html/fonts/Reey-Regular.woff]
[kodesolution.com/html/2022/edulerns-html/images/icons/preloader.gif]
[kodesolution.com/html/2022/edulerns-html/images/icons/icon-dotted-map.png]
[kodesolution.com/html/2022/edulerns-html/images/icons/icon-dotted-map-2.png]
[kodesolution.com/html/2022/edulerns-html/images/icons/icon-dotted-map-3.png]
[kodesolution.com/html/2022/edulerns-html/images/icons/icon-dotted-map-4.png]
[kodesolution.com/html/2022/edulerns-html/images/icons/icon-dotted-line.png]
[kodesolution.com/html/2022/edulerns-html/images/icons/icon-paper-plan.png]
[kodesolution.com/html/2022/edulerns-html/images/icons/icon-e.png]
[kodesolution.com/html/2022/edulerns-html/images/icons/icon-group-1.png]
[kodesolution.com/html/2022/edulerns-html/images/icons/icon-group-2.png]
[kodesolution.com/html/2022/edulerns-html/images/icons/icon-paper-clip.png]
[kodesolution.com/html/2022/edulerns-html/images/icons/icon-pencil-line.png]
[kodesolution.com/html/2022/edulerns-html/images/icons/icon-calculator.png]
[kodesolution.com/html/2022/edulerns-html/images/icons/icon-pin-clip.png]
[kodesolution.com/html/2022/edulerns-html/images/icons/icon-percent.png]
[kodesolution.com/html/2022/edulerns-html/images/icons/icon-idea.png]
[kodesolution.com/html/2022/edulerns-html/images/icons/icon-dots.png]
[kodesolution.com/html/2022/edulerns-html/images/icons/icon-dots-2.png]
[kodesolution.com/html/2022/edulerns-html/images/icons/icon-dots-3.png]
[kodesolution.com/html/2022/edulerns-html/images/icons/icon-dots-4.png]
[kodesolution.com/html/2022/edulerns-html/images/icons/icon-dots-5.png]
[kodesolution.com/html/2022/edulerns-html/images/icons/icon-dots-6.png]
[kodesolution.com/html/2022/edulerns-html/images/icons/icon-dots-7.png]
[kodesolution.com/html/2022/edulerns-html/images/icons/icon-line-1.png]
[kodesolution.com/html/2022/edulerns-html/images/icons/icon-line-2.png]
[kodesolution.com/html/2022/edulerns-html/images/icons/icon-line-3.png]
[kodesolution.com/html/2022/edulerns-html/images/icons/icon-star-1.png]
[kodesolution.com/html/2022/edulerns-html/images/icons/icon-star-2.png]
[kodesolution.com/html/2022/edulerns-html/images/icons/icon-wave.png]
[kodesolution.com/html/2022/edulerns-html/images/icons/icon-triangle.png]
[kodesolution.com/html/2022/edulerns-html/images/icons/icon-square.png]
[kodesolution.com/html/2022/edulerns-html/images/icons/icon-arrow.png]
[kodesolution.com/html/2022/edulerns-html/images/icons/icon-arrow-2.png]
[kodesolution.com/html/2022/edulerns-html/images/icons/icon-shape-1.png]
[kodesolution.com/html/2022/edulerns-html/images/icons/icon-shape-2.png]
[kodesolution.com/html/2022/edulerns-html/images/main-slider/bg-1.png]
[kodesolution.com/html/2022/edulerns-html/images/main-slider/icon/icon-lines.png]
[kodesolution.com/html/2022/edulerns-html/images/icons/exp.png]
[kodesolution.com/html/2022/edulerns-html/images/icons/shadow.png]
[kodesolution.com/html/2022/edulerns-html/images/icons/pattern-4.png]
[kodesolution.com/html/2022/edulerns-html/images/icons/pattern-2.png]
[kodesolution.com/html/2022/edulerns-html/images/icons/pattern-1.png]
[kodesolution.com/html/2022/edulerns-html/images/icons/pattern-9.jpg]
[kodesolution.com/html/2022/edulerns-html/images/icons/shape-5.a3.delayed]
[kodesolution.com/html/2022/edulerns-html/images/icons/pattern-3.png]
[kodesolution.com/html/2022/edulerns-html/images/icons/icon-event.png]
[kodesolution.com/html/2022/edulerns-html/images/icons/border-dashed.png]
[kodesolution.com/html/2022/edulerns-html/images/icons/icon-quote.png]
[kodesolution.com/html/2022/edulerns-html/images/icons/pattern-7.png]
[kodesolution.com/html/2022/edulerns-html/images/icons/cat-1-bg.png]
[kodesolution.com/html/2022/edulerns-html/images/icons/cat-2-bg.png]
[kodesolution.com/html/2022/edulerns-html/images/icons/cat-3-bg.png]
[kodesolution.com/html/2022/edulerns-html/images/icons/cat-4-bg.png]
[kodesolution.com/html/2022/edulerns-html/images/icons/pattern-8.png]
[kodesolution.com/html/2022/edulerns-html/images/icons/shape-7.png]
[kodesolution.com/html/2022/edulerns-html/css/style.css]
[kodesolution.com/html/2022/edulerns-html/css/responsive.css]
[kodesolution.com/html/2022/edulerns-html/images/main-slider/icon/shape-1.png]
[kodesolution.com/html/2022/edulerns-html/images/main-slider/icon/icon-plane.png]
[kodesolution.com/html/2022/edulerns-html/images/main-slider/icon/icon-dots-3.png]
[kodesolution.com/html/2022/edulerns-html/images/main-slider/image-2.jpg]
[kodesolution.com/html/2022/edulerns-html/images/main-slider/icon/icon-paper-pin.png]
[kodesolution.com/html/2022/edulerns-html/images/main-slider/icon/icon-sheild.png]
[kodesolution.com/html/2022/edulerns-html/images/resource/about-4.png]
[kodesolution.com/html/2022/edulerns-html/images/resource/course-5.jpg]
[kodesolution.com/html/2022/edulerns-html/images/resource/course-6.jpg]
[kodesolution.com/html/2022/edulerns-html/images/resource/course-7.jpg]
[kodesolution.com/html/2022/edulerns-html/images/background/5.jpg]
[kodesolution.com/html/2022/edulerns-html/images/resource/faq.png]
[kodesolution.com/html/2022/edulerns-html/images/background/6.jpg]
[kodesolution.com/html/2022/edulerns-html/images/resource/gallery-1.jpg]
[kodesolution.com/html/2022/edulerns-html/images/resource/gallery-2.jpg]
[kodesolution.com/html/2022/edulerns-html/images/resource/gallery-3.jpg]
[kodesolution.com/html/2022/edulerns-html/images/resource/gallery-4.jpg]
[kodesolution.com/html/2022/edulerns-html/images/resource/feature-1.png]
[kodesolution.com/html/2022/edulerns-html/images/resource/feature-2.png]
[kodesolution.com/html/2022/edulerns-html/images/resource/feature-3.png]
[kodesolution.com/html/2022/edulerns-html/images/resource/about-5.jpg]
[kodesolution.com/html/2022/edulerns-html/images/resource/event-1.jpg]
[kodesolution.com/html/2022/edulerns-html/images/resource/event-2.jpg]
[kodesolution.com/html/2022/edulerns-html/images/resource/event-3.jpg]
[kodesolution.com/html/2022/edulerns-html/images/resource/event-4.jpg]
[kodesolution.com/html/2022/edulerns-html/index-2.html]
[kodesolution.com/html/2022/edulerns-html/index-1-single.html]
[kodesolution.com/html/2022/edulerns-html/index-2-single.html]
[kodesolution.com/html/2022/edulerns-html/css/style-dark.css]
[kodesolution.com/html/2022/edulerns-html/images/main-slider/dark1.jpg]
[kodesolution.com/html/2022/edulerns-html/index-1-dark.html]
[kodesolution.com/html/2022/edulerns-html/images/background/dark5.jpg]
[kodesolution.com/html/2022/edulerns-html/index-2-dark.html]
[kodesolution.com/html/2022/edulerns-html/images/pattern/p13.png]
[kodesolution.com/html/2022/edulerns-html/index-1-boxed.html]
[kodesolution.com/html/2022/edulerns-html/index-2-boxed.html]
[kodesolution.com/html/2022/edulerns-html/css/style-rtl.css]
[kodesolution.com/html/2022/edulerns-html/images/background/1r.jpg]
[kodesolution.com/html/2022/edulerns-html/index-1-rtl.html]
[kodesolution.com/html/2022/edulerns-html/images/background/page-title.jpg]
[kodesolution.com/html/2022/edulerns-html/page-about.html]
[kodesolution.com/html/2022/edulerns-html/page-team.html]
[kodesolution.com/html/2022/edulerns-html/images/resource/team-details.jpg]
[kodesolution.com/html/2022/edulerns-html/js/jquery.validate.min.js]
[kodesolution.com/html/2022/edulerns-html/page-team-details.html]
[kodesolution.com/html/2022/edulerns-html/page-testimonial.html]
[kodesolution.com/html/2022/edulerns-html/page-pricing.html]
[kodesolution.com/html/2022/edulerns-html/page-faq.html]
[kodesolution.com/html/2022/edulerns-html/js/jquery.form.min.js]
[kodesolution.com/html/2022/edulerns-html/images/resource/404.jpg]
[kodesolution.com/html/2022/edulerns-html/page-404.html]
[kodesolution.com/html/2022/edulerns-html/page-courses.html]
[kodesolution.com/html/2022/edulerns-html/images/resource/course-details.jpg]
[kodesolution.com/html/2022/edulerns-html/page-course-details.html]
[kodesolution.com/html/2022/edulerns-html/images/resource/products/1.jpg]
[kodesolution.com/html/2022/edulerns-html/images/resource/products/2.jpg]
[kodesolution.com/html/2022/edulerns-html/images/resource/products/3.jpg]
[kodesolution.com/html/2022/edulerns-html/images/resource/products/4.jpg]
[kodesolution.com/html/2022/edulerns-html/images/resource/products/5.jpg]
[kodesolution.com/html/2022/edulerns-html/images/resource/products/6.jpg]
[kodesolution.com/html/2022/edulerns-html/images/resource/products/7.jpg]
[kodesolution.com/html/2022/edulerns-html/images/resource/products/8.jpg]
[kodesolution.com/html/2022/edulerns-html/js/mixitup.js]
[kodesolution.com/html/2022/edulerns-html/shop-products.html]
[kodesolution.com/html/2022/edulerns-html/shop-details.html]
[kodesolution.com/html/2022/edulerns-html/images/resource/products/thumb-1.jpg]
[kodesolution.com/html/2022/edulerns-html/images/resource/products/thumb-2.jpg]
[kodesolution.com/html/2022/edulerns-html/images/resource/products/thumb-3.jpg]
[kodesolution.com/html/2022/edulerns-html/shop-products-sidebar.html]
[kodesolution.com/html/2022/edulerns-html/images/resource/products/product-details.jpg]
[kodesolution.com/html/2022/edulerns-html/images/resource/products/product-details2.jpg]
[kodesolution.com/html/2022/edulerns-html/images/resource/products/product-details3.jpg]
[kodesolution.com/html/2022/edulerns-html/shop-product-details.html]
[kodesolution.com/html/2022/edulerns-html/shop-cart.html]
[kodesolution.com/html/2022/edulerns-html/shop-checkout.html]
[kodesolution.com/html/2022/edulerns-html/js/bxslider.js]
[kodesolution.com/html/2022/edulerns-html/news-grid.html]
[kodesolution.com/html/2022/edulerns-html/images/resource/news-details.jpg]
[kodesolution.com/html/2022/edulerns-html/news-details.html]
[kodesolution.com/html/2022/edulerns-html/page-contact.html]
[kodesolution.com/html/2022/edulerns-html/plugins/revolution/fonts/revicons/revicons90c6.svg]
[kodesolution.com/html/2022/edulerns-html/css/animate.css]
[kodesolution.com/html/2022/edulerns-html/css/owl.video.play.png]
[kodesolution.com/html/2022/edulerns-html/css/owl.css]
[kodesolution.com/html/2022/edulerns-html/css/swiper.min.css]
[kodesolution.com/html/2022/edulerns-html/css/jquery.fancybox.min.css]
[kodesolution.com/html/2022/edulerns-html/css/images/ui-icons_444444_256x240.png]
[kodesolution.com/html/2022/edulerns-html/css/images/ui-icons_555555_256x240.png]
[kodesolution.com/html/2022/edulerns-html/css/images/ui-icons_777620_256x240.png]
[kodesolution.com/html/2022/edulerns-html/css/images/ui-icons_cc0000_256x240.png]
[kodesolution.com/html/2022/edulerns-html/css/jquery-ui.css]
[kodesolution.com/html/2022/edulerns-html/fonts/linearicons-free8429.eot]
[kodesolution.com/html/2022/edulerns-html/fonts/linearicons-free8429.ttf]
[kodesolution.com/html/2022/edulerns-html/fonts/linearicons-free8429.woff]
[kodesolution.com/html/2022/edulerns-html/css/linear.css]
[kodesolution.com/html/2022/edulerns-html/css/select2.min.css]
[kodesolution.com/html/2022/edulerns-html/fonts/linearicons-free8429.svg]
[kodesolution.com/html/2022/edulerns-html/fonts/fa-brands-400.eot]
[kodesolution.com/html/2022/edulerns-html/fonts/fa-brands-400d41d.eot]
[kodesolution.com/html/2022/edulerns-html/fonts/fa-brands-400.woff2]
[kodesolution.com/html/2022/edulerns-html/fonts/fa-brands-400.woff]
[kodesolution.com/html/2022/edulerns-html/fonts/fa-brands-400.ttf]
[kodesolution.com/html/2022/edulerns-html/fonts/fa-regular-400.eot]
[kodesolution.com/html/2022/edulerns-html/fonts/fa-brands-400.svg]
[kodesolution.com/html/2022/edulerns-html/fonts/fa-regular-400d41d.eot]
[kodesolution.com/html/2022/edulerns-html/fonts/fa-regular-400.woff2]
[kodesolution.com/html/2022/edulerns-html/fonts/fa-regular-400.woff]
[kodesolution.com/html/2022/edulerns-html/fonts/fa-regular-400.ttf]
[kodesolution.com/html/2022/edulerns-html/fonts/fa-regular-400.svg]
[kodesolution.com/html/2022/edulerns-html/fonts/fa-solid-900.eot]
[kodesolution.com/html/2022/edulerns-html/fonts/fa-solid-900d41d.eot]
[kodesolution.com/html/2022/edulerns-html/fonts/fa-solid-900.woff2]
[kodesolution.com/html/2022/edulerns-html/fonts/fa-solid-900.woff]
[kodesolution.com/html/2022/edulerns-html/fonts/fa-solid-900.ttf]
[kodesolution.com/html/2022/edulerns-html/css/fontawesome-all.css]
[kodesolution.com/html/2022/edulerns-html/fonts/fa-solid-900.svg]
[kodesolution.com/html/2022/edulerns-html/fonts/flaticon_educationd2ba.ttf]
[kodesolution.com/html/2022/edulerns-html/fonts/flaticon_educationd2ba.woff]
[kodesolution.com/html/2022/edulerns-html/fonts/flaticon_educationd2ba.woff2]
[kodesolution.com/html/2022/edulerns-html/fonts/flaticon_educationd2ba.eot]
[kodesolution.com/html/2022/edulerns-html/css/flaticon.css]
[kodesolution.com/html/2022/edulerns-html/css/tm-bs-mp.css]
[kodesolution.com/html/2022/edulerns-html/css/tm-utility-classes.css]
[kodesolution.com/html/2022/edulerns-html/images/icons/pattern-9.html]
[kodesolution.com/html/2022/edulerns-html/images/icons/shape-5.html]
[kodesolution.com/html/2022/edulerns-html/images/icons/pattern-7.html]
[kodesolution.com/html/2022/edulerns-html/images/icons/cat-1-bg.html]
[kodesolution.com/html/2022/edulerns-html/images/icons/cat-2-bg.html]
[kodesolution.com/html/2022/edulerns-html/images/icons/cat-3-bg.html]
[kodesolution.com/html/2022/edulerns-html/images/icons/cat-4-bg.html]
[kodesolution.com/html/2022/edulerns-html/images/icons/pattern-8.html]
[kodesolution.com/html/2022/edulerns-html/images/icons/shape-7.html]
[kodesolution.com/html/2022/edulerns-html/fonts/flaticon_educationd2ba.svg]
[kodesolution.com/html/2022/edulerns-html/images/icons/pattern-14.jpg]
[kodesolution.com/html/2022/edulerns-html/images/icons/pattern-3.jpg]
[kodesolution.com/html/2022/edulerns-html/images/icons/pattern-7.jpg]
[kodesolution.com/html/2022/edulerns-html/images/icons/pattern-19.jpg]
[kodesolution.com/html/2022/edulerns-html/images/icons/pattern-4-dark.png]
[kodesolution.com/html/2022/edulerns-html/images/icons/pattern-15-dark.jpg]
[kodesolution.com/html/2022/edulerns-html/images/icons/pattern-8-dark.png]
[kodesolution.com/html/2022/edulerns-html/images/icons/pattern-5-dark.jpg]
[kodesolution.com/html/2022/edulerns-html/images/icons/Faunfacts.png]
[kodesolution.com/html/2022/edulerns-html/images/icons/pattern-16.png]
[kodesolution.com/html/2022/edulerns-html/images/icons/pattern-15-dark.png]
[kodesolution.com/html/2022/edulerns-html/images/icons/pattern-20-dark.png]
[kodesolution.com/html/2022/edulerns-html/images/icons/shape-10-dark.png]
[kodesolution.com/html/2022/edulerns-html/images/icons/curve-dark.png]
[kodesolution.com/html/2022/edulerns-html/images/icons/shape-6.png]
[kodesolution.com/html/2022/edulerns-html/images/icons/pattern-6-dark.png]
[kodesolution.com/html/2022/edulerns-html/images/icons/pattern-13-dark.jpg]
[kodesolution.com/html/2022/edulerns-html/images/icons/pattern-7-dark-dark.png]
[kodesolution.com/html/2022/edulerns-html/images/icons/icon-lines-2-dark.png]
[kodesolution.com/html/2022/edulerns-html/images/icons/icon-lines-dark.png]
[kodesolution.com/html/2022/edulerns-html/images/icons/shape-4-dark.png]
[kodesolution.com/html/2022/edulerns-html/images/icons/shape-5-dark.png]
[kodesolution.com/html/2022/edulerns-html/css/style-dark.css]
[kodesolution.com/html/2022/edulerns-html/images/icons/border-dashed-rtl.png]
[kodesolution.com/html/2022/edulerns-html/css/style-rtl.css]
[kodesolution.com/html/2022/edulerns-html/shop-details.html]
[kodesolution.com/html/2022/edulerns-html/css/owl.video.play.html]
[kodesolution.com/html/2022/edulerns-html/css/images/ui-icons_777620_256x240.html]
[kodesolution.com/html/2022/edulerns-html/css/images/ui-icons_cc0000_256x240.html]
[kodesolution.com/html/2022/edulerns-html/fonts/linearicons-free8429.svg]
[kodesolution.com/html/2022/edulerns-html/fonts/fa-brands-400.svg]
[kodesolution.com/html/2022/edulerns-html/fonts/fa-regular-400.svg]
[kodesolution.com/html/2022/edulerns-html/fonts/fa-solid-900.svg]
[kodesolution.com/html/2022/edulerns-html/fonts/flaticon_educationd2ba.svg]
[kodesolution.com/html/2022/edulerns-html/images/icons/pattern-14.html]
[kodesolution.com/html/2022/edulerns-html/images/icons/pattern-3.html]
[kodesolution.com/html/2022/edulerns-html/images/icons/pattern-10.html]
[kodesolution.com/html/2022/edulerns-html/images/icons/pattern-19.html]
[kodesolution.com/html/2022/edulerns-html/images/icons/pattern-4-dark.html]
[kodesolution.com/html/2022/edulerns-html/images/icons/pattern-15-dark.html]
[kodesolution.com/html/2022/edulerns-html/images/icons/pattern-8-dark.html]
[kodesolution.com/html/2022/edulerns-html/images/icons/pattern-5-dark.html]
[kodesolution.com/html/2022/edulerns-html/images/icons/Faunfacts.html]
[kodesolution.com/html/2022/edulerns-html/images/icons/pattern-16.html]
[kodesolution.com/html/2022/edulerns-html/images/icons/pattern-15-dark-2.html]
[kodesolution.com/html/2022/edulerns-html/images/icons/pattern-20-dark.html]
[kodesolution.com/html/2022/edulerns-html/images/icons/shape-10-dark.html]
[kodesolution.com/html/2022/edulerns-html/images/icons/curve-dark.html]
[kodesolution.com/html/2022/edulerns-html/images/icons/shape-6.html]
[kodesolution.com/html/2022/edulerns-html/images/icons/pattern-6-dark.html]
[kodesolution.com/html/2022/edulerns-html/images/icons/pattern-13-dark.html]
[kodesolution.com/html/2022/edulerns-html/images/icons/pattern-7-dark-dark.html]
[kodesolution.com/html/2022/edulerns-html/images/icons/icon-lines-2-dark.html]
[kodesolution.com/html/2022/edulerns-html/images/icons/icon-lines-dark.html]
[kodesolution.com/html/2022/edulerns-html/images/icons/shape-4-dark.html]
[kodesolution.com/html/2022/edulerns-html/images/icons/shape-5-dark.html]
